DEBUG: Loaded DATABASE_URL: postgresql://postgres:gWh28%40dGcMp@localhost:5432/hypershop
Token Found for 1400902328. Starting Sync Test...

--- Testing Orders Load ---
Orders Load Error: (psycopg2.errors.UndefinedTable) ERRO:  relaþÒo "sync_control" nÒo existe
LINE 2: FROM sync_control 
             ^

[SQL: SELECT sync_control.id AS sync_control_id, sync_control.entity AS sync_control_entity, sync_control.initial_load_status AS sync_control_initial_load_status, sync_control.initial_load_started_at AS sync_control_initial_load_started_at, sync_control.initial_load_completed_at AS sync_control_initial_load_completed_at, sync_control.initial_load_total_records AS sync_control_initial_load_total_records, sync_control.initial_load_processed_records AS sync_control_initial_load_processed_records, sync_control.initial_load_checkpoint AS sync_control_initial_load_checkpoint, sync_control.last_incremental_sync AS sync_control_last_incremental_sync, sync_control.last_incremental_count AS sync_control_last_incremental_count, sync_control.webhook_enabled AS sync_control_webhook_enabled, sync_control.webhook_last_received AS sync_control_webhook_last_received, sync_control.updated_at AS sync_control_updated_at 
FROM sync_control 
WHERE sync_control.entity = %(entity_1)s 
 LIMIT %(param_1)s]
[parameters: {'entity_1': 'orders', 'param_1': 1}]
(Background on this error at: https://sqlalche.me/e/20/f405)

--- Testing Ads Load ---
Ads Load Error: (psycopg2.errors.InFailedSqlTransaction) ERRO:  transaþÒo atual foi interrompida, comandos ignorados atÚ o fim do bloco de transaþÒo

[SQL: SELECT oauth_tokens.id AS oauth_tokens_id, oauth_tokens.provider AS oauth_tokens_provider, oauth_tokens.access_token AS oauth_tokens_access_token, oauth_tokens.refresh_token AS oauth_tokens_refresh_token, oauth_tokens.seller_id AS oauth_tokens_seller_id, oauth_tokens.user_id AS oauth_tokens_user_id, oauth_tokens.expires_at AS oauth_tokens_expires_at, oauth_tokens.updated_at AS oauth_tokens_updated_at, oauth_tokens.created_at AS oauth_tokens_created_at 
FROM oauth_tokens 
WHERE oauth_tokens.provider = %(provider_1)s 
 LIMIT %(param_1)s]
[parameters: {'provider_1': 'mercadolivre', 'param_1': 1}]
(Background on this error at: https://sqlalche.me/e/20/2j85)
